// Jest Snapshot v1, https://goo.gl/fbAQLP

exports[`View Initializes UI to matches snapshot 1`] = `
<body>
  <div>
     
  </div>
  <div
    class="TPBTOverlayScrollItem TPBTOverlayScrollInfoItem src-pbnMenuLink-2Sn21qZw80"
  >
    <a
      id="pbnHotkeysLink"
      title="red = not connected
black = connected
hotkeys by tomrule007"
    >
      PBN-Hotkeys
    </a>
  </div>
  <div
    class="TW3Panel TW3ContainerBorder TW3ContainerBackground src-pbnMenu-3KaM3jmJti src-hidden-3NJn0m3iPS"
    id="pbnHotkeysMenu"
  >
    <div
      class="src-pbnMenuBar-3PUwrmT4F1"
    >
      <span
        class="tw3label"
      >
        Paintballnet-Hotkeys by tomrule007
      </span>
      <button
        class="TW3Button TW3ButtonBackground TW3ButtonBorder src-pbnMenuButton-1Vcc5XIL4J"
        id="pbnHotkeysMenuCloseButton"
      >
        X
      </button>
    </div>
    <div
      class="TPBTListBox src-pbnMenuContent-1IaSupLvP-"
      id="pbnHotkeyMenuDisplay"
    />
    <div
      class="src-pbnMenuFooter-3dR5-h_yrN"
    >
      <button
        class="TW3Button TW3ButtonBackground TW3ButtonBorder src-pbnMenuButton-1Vcc5XIL4J"
        id="pbnHotkeysMenuSaveButton"
      >
        Save Changes
      </button>
    </div>
  </div>
  <div
    class="src-pbnHud-3PLubKeqel"
  />
</body>
`;
