// Jest Snapshot v1, https://goo.gl/fbAQLP

exports[`View Initializes UI to matches snapshot 1`] = `
<body>
  <div>
     
  </div>
  <div
    class="TPBTOverlayScrollItem TPBTOverlayScrollInfoItem"
    style="position: fixed; z-index: 1000; top: 2px; right: 2px; color: red; text-decoration: underline; cursor: pointer;"
  >
    <a
      id="pbnHotkeysLink"
      title="red = not connected
black = connected
hotkeys by tomrule007"
    >
      PBN-Hotkeys
    </a>
  </div>
  <div
    class="TW3Panel TW3ContainerBorder TW3ContainerBackground"
    id="pbnHotkeysMenu"
    style="z-index: 8; right: 2px; top: 40px; position: fixed; display: none;"
  >
    <div
      style="display: flex; justify-content: space-between;"
    >
      <span
        class="tw3label"
      >
        Paintballnet-Hotkeys by tomrule007
      </span>
      <button
        class="TW3Button TW3ButtonBackground TW3ButtonBorder"
        id="pbnHotkeysMenuCloseButton"
        style="margin: 2px; font-size: 8pt;"
      >
        X
      </button>
    </div>
    <div
      class="TPBTListBox"
      id="pbnHotkeyMenuDisplay"
      style="margin: 5px 2px; font-family: Lucida Console; font-size: 10pt; padding: 2px;"
    />
    <div
      style="display: flex; justify-content: center;"
    >
      <button
        class="TW3Button TW3ButtonBackground TW3ButtonBorder"
        id="pbnHotkeysMenuSaveButton"
        style="margin: 2px; font-size: 8pt;"
      >
        Save Changes
      </button>
    </div>
  </div>
  <div
    style="position: absolute;
    top: 0px;
    left: 0px;
    right: 0px;
    height: 50%;
    display: flex;
    flex-direction: column;
    justify-content: flex-end;
    align-items: center;
    z-index: 20000000; 
    pointer-events: none;
    perspective: inherit;
    transform-style: preserve-3d;
    transform: translateZ(1px);"
  />
</body>
`;
