// Jest Snapshot v1, https://goo.gl/fbAQLP

exports[`View Initializes UI to matches snapshot 1`] = `
<body>
  <div>
     
  </div>
  <div
    class="TPBTOverlayScrollItem TPBTOverlayScrollInfoItem src-_template-module_pbnMenuLink"
  >
    <a
      id="pbnHotkeysLink"
      title="red = not connected
black = connected
hotkeys by tomrule007"
    >
      PBN-Hotkeys
    </a>
  </div>
  <div
    class="TW3Panel TW3ContainerBorder TW3ContainerBackground src-_template-module_pbnMenu src-_template-module_hidden"
    id="pbnHotkeysMenu"
  >
    <div
      class="src-_template-module_pbnMenuBar"
    >
      <span
        class="tw3label"
      >
        Paintballnet-Hotkeys by tomrule007
      </span>
      <button
        class="TW3Button TW3ButtonBackground TW3ButtonBorder src-_template-module_pbnMenuButton"
        id="pbnHotkeysMenuCloseButton"
      >
        X
      </button>
    </div>
    <div
      class="TPBTListBox src-_template-module_pbnMenuContent"
      id="pbnHotkeyMenuDisplay"
    />
    <div
      class="src-_template-module_pbnMenuFooter"
    >
      <button
        class="TW3Button TW3ButtonBackground TW3ButtonBorder src-_template-module_pbnMenuButton"
        id="pbnHotkeysMenuSaveButton"
      >
        Save Changes
      </button>
    </div>
  </div>
  <div
    class="src-_template-module_pbnHud"
  />
</body>
`;
